################################################################################
#                                                                              #
#      IAR Universal Linker V4.60I/386                                         #
#                                                                              #
#           Link time     =  05/Nov/2025  18:12:07                             #
#           Target CPU    =  ARM                                               #
#           List file     =  E:\BaiduNetdiskDownload\æ´µ‰ Û\æ´µ‰ Ûdemo≥Ã–Ú\æ≠µ #
#                            ‰ Û≥Ã–Ú\≥ˆ≥ß≥Ã–ÚMaze\Debug\List\Maze.map          #
#           Output file 1 =  E:\BaiduNetdiskDownload\æ´µ‰ Û\æ´µ‰ Ûdemo≥Ã–Ú\æ≠µ #
#                            ‰ Û≥Ã–Ú\≥ˆ≥ß≥Ã–ÚMaze\Debug\Exe\Maze.d79           #
#                            Format: debug                                     #
#                            UBROF version 10.0.2                              #
#                            Using library modules for C-SPY (-rt)             #
#           Output file 2 =  E:\BaiduNetdiskDownload\æ´µ‰ Û\æ´µ‰ Ûdemo≥Ã–Ú\æ≠µ #
#                            ‰ Û≥Ã–Ú\≥ˆ≥ß≥Ã–ÚMaze\Debug\Exe\Maze.sim           #
#                            Format: simple-code                               #
#           Command line  =  "C:\Program Files (x86)\IAR Systems\Embedded Work #
#                            bench 4.0 Kickstart\arm\lib\Luminary\driverlib.r7 #
#                            9"                                                #
#                            E:\BaiduNetdiskDownload\æ´µ‰ Û\æ´µ‰ Ûdemo≥Ã–Ú\æ≠µ #
#                            ‰ Û≥Ã–Ú\≥ˆ≥ß≥Ã–ÚMaze\Debug\Obj\Mouse_Drive.r79    #
#                            E:\BaiduNetdiskDownload\æ´µ‰ Û\æ´µ‰ Ûdemo≥Ã–Ú\æ≠µ #
#                            ‰ Û≥Ã–Ú\≥ˆ≥ß≥Ã–ÚMaze\Debug\Obj\drive_7289.r79     #
#                            E:\BaiduNetdiskDownload\æ´µ‰ Û\æ´µ‰ Ûdemo≥Ã–Ú\æ≠µ #
#                            ‰ Û≥Ã–Ú\≥ˆ≥ß≥Ã–ÚMaze\Debug\Obj\maze.r79           #
#                            E:\BaiduNetdiskDownload\æ´µ‰ Û\æ´µ‰ Ûdemo≥Ã–Ú\æ≠µ #
#                            ‰ Û≥Ã–Ú\≥ˆ≥ß≥Ã–ÚMaze\Debug\Obj\startup.r79        #
#                            -o                                                #
#                            E:\BaiduNetdiskDownload\æ´µ‰ Û\æ´µ‰ Ûdemo≥Ã–Ú\æ≠µ #
#                            ‰ Û≥Ã–Ú\≥ˆ≥ß≥Ã–ÚMaze\Debug\Exe\Maze.d79           #
#                            -l                                                #
#                            E:\BaiduNetdiskDownload\æ´µ‰ Û\æ´µ‰ Ûdemo≥Ã–Ú\æ≠µ #
#                            ‰ Û≥Ã–Ú\≥ˆ≥ß≥Ã–ÚMaze\Debug\List\Maze.map          #
#                            -xms                                              #
#                            "-IC:\Program Files (x86)\IAR Systems\Embedded Wo #
#                            rkbench 4.0 Kickstart\arm\LIB\"                   #
#                            -f                                                #
#                            "C:\Program Files (x86)\IAR Systems\Embedded Work #
#                            bench 4.0 Kickstart\arm\config\lnk_LM3.xcl"       #
#                            (-carm -DROMSTART=00000000 -DROMEND=0003FFFF      #
#                            -DRAMSTART=20000000 -DRAMEND=2000FFFF             #
#                            -Z(CODE)INTVEC=ROMSTART-ROMEND                    #
#                            -Z(CODE)ICODE,DIFUNCT=ROMSTART-ROMEND             #
#                            -Z(CODE)CODE=ROMSTART-ROMEND                      #
#                            -Z(CONST)CODE_ID=ROMSTART-ROMEND                  #
#                            -Z(CONST)INITTAB,DATA_ID,DATA_C=ROMSTART-ROMEND   #
#                            -Z(CONST)CHECKSUM=ROMSTART-ROMEND                 #
#                            -Z(DATA)VTABLE=RAMSTART-RAMEND                    #
#                            -Z(DATA)DATA_I,DATA_Z,DATA_N=RAMSTART-RAMEND      #
#                            -Z(DATA)CODE_I=RAMSTART-RAMEND) -rt               #
#                            "C:\Program Files (x86)\IAR Systems\Embedded Work #
#                            bench 4.0 Kickstart\arm\LIB\dl7mptnnl8n.r79"      #
#                            -Osimple-code=E:\BaiduNetdiskDownload\æ´µ‰ Û\æ´µ‰ #
#                             Ûdemo≥Ã–Ú\æ≠µ‰ Û≥Ã–Ú\≥ˆ≥ß≥Ã–ÚMaze\Debug\Exe\Maze #
#                            .sim                                              #
#                            -s ResetISR -e__write_buffered=__write            #
#                                                                              #
#                        Copyright 1987-2007 IAR Systems. All rights reserved. #
################################################################################





                ****************************************
                *                                      *
                *           CROSS REFERENCE            *
                *                                      *
                ****************************************

       Program entry at :           00002809  Relocatable, from module : startup




                ****************************************
                *                                      *
                *            RUNTIME MODEL             *
                *                                      *
                ****************************************

  StackAlign4  = USED
  __cpu_mode   = __pcs__thumb
  __data_model = absolute
  __endian     = little
  __rt_version = 6



                ****************************************
                *                                      *
                *              MODULE MAP              *
                *                                      *
                ****************************************


  DEFINED ABSOLUTE ENTRIES
    *************************************************************************

  DEFINED ABSOLUTE ENTRIES
  PROGRAM MODULE, NAME : ?ABS_ENTRY_MOD

Absolute parts
           ENTRY                   ADDRESS         REF BY
           =====                   =======         ======
           RAMEND                  2000FFFF 
           RAMSTART                20000000 
           ROMEND                  0003FFFF 
           ROMSTART                00000000 
    *************************************************************************

  FILE NAME : C:\Program Files (x86)\IAR Systems\Embedded Workbench 4.0 Kickstart\arm\lib\Luminary\driverlib.r79
  LIBRARY MODULE, NAME : __lib_adc

  SEGMENTS IN THE MODULE
  ======================
CODE
  Relative segment, address: 000000F0 - 00000107 (0x18 bytes), align: 2
  Segment part 7.
           ENTRY                   ADDRESS         REF BY
           =====                   =======         ======
           ADCIntStatus            000000F1        voltageDetect (Mouse_Drive)
    -------------------------------------------------------------------------
CODE
  Relative segment, address: 00000108 - 0000010F (0x8 bytes), align: 2
  Segment part 8.
           ENTRY                   ADDRESS         REF BY
           =====                   =======         ======
           ADCIntClear             00000109        voltageDetect (Mouse_Drive)
    -------------------------------------------------------------------------
CODE
  Relative segment, address: 00000110 - 0000011B (0xc bytes), align: 2
  Segment part 9.
           ENTRY                   ADDRESS         REF BY
           =====                   =======         ======
           ADCSequenceEnable       00000111        __ADCInit (Mouse_Drive)
    -------------------------------------------------------------------------
CODE
  Relative segment, address: 0000011C - 00000149 (0x2e bytes), align: 2
  Segment part 11.
           ENTRY                   ADDRESS         REF BY
           =====                   =======         ======
           ADCSequenceConfigure    0000011D        __ADCInit (Mouse_Drive)
               stack 1 = 00000000 ( 00000008 )
    -------------------------------------------------------------------------
CODE
  Relative segment, address: 0000014C - 00000183 (0x38 bytes), align: 2
  Segment part 12.
           ENTRY                   ADDRESS         REF BY
           =====                   =======         ======
           ADCSequenceStepConfigure
                                   0000014D        __ADCInit (Mouse_Drive)
               stack 1 = 00000000 ( 00000004 )
    -------------------------------------------------------------------------
CODE
  Relative segment, address: 00000184 - 000001A5 (0x22 bytes), align: 2
  Segment part 17.
           ENTRY                   ADDRESS         REF BY
           =====                   =======         ======
           ADCSequenceDataGet      00000185        voltageDetect (Mouse_Drive)
    -------------------------------------------------------------------------
CODE
  Relative segment, address: 000001A8 - 000001AF (0x8 bytes), align: 2
  Segment part 18.
           ENTRY                   ADDRESS         REF BY
           =====                   =======         ======
           ADCProcessorTrigger     000001A9        voltageDetect (Mouse_Drive)
    -------------------------------------------------------------------------
CODE
  Relative segment, address: 000001B0 - 000001C1 (0x12 bytes), align: 2
  Segment part 23.
           ENTRY                   ADDRESS         REF BY
           =====                   =======         ======
           ADCHardwareOversampleConfigure
                                   000001B1        __ADCInit (Mouse_Drive)

    -------------------------------------------------------------------------
  LIBRARY MODULE, NAME : __lib_gpio

  SEGMENTS IN THE MODULE
  ======================
CODE
  Relative segment, address: 000001C4 - 0000020D (0x4a bytes), align: 2
  Segment part 3.             Intra module refs:   GPIOPinTypePWM
           ENTRY                   ADDRESS         REF BY
           =====                   =======         ======
           GPIODirModeSet          000001C5        Init_7289 (drive_7289)
                                                   SPIWrite_7289 (drive_7289)
                                                   __keyInit (Mouse_Drive)
                                                   __sensorInit (Mouse_Drive)
                                                   __stepMotorIint (Mouse_Drive)
               stack 1 = 00000000 ( 00000004 )
    -------------------------------------------------------------------------
CODE
  Relative segment, address: 00000210 - 00000323 (0x114 bytes), align: 2
  Segment part 7.             Intra module refs:   GPIOPinTypePWM
           ENTRY                   ADDRESS         REF BY
           =====                   =======         ======
           GPIOPadConfigSet        00000211 
               stack 1 = 00000000 ( 00000008 )
    -------------------------------------------------------------------------
CODE
  Relative segment, address: 00000324 - 00000329 (0x6 bytes), align: 2
  Segment part 15.
           ENTRY                   ADDRESS         REF BY
           =====                   =======         ======
           GPIOPinRead             00000325        __irCheck (Mouse_Drive)
                                                   keyCheck (Mouse_Drive)
    -------------------------------------------------------------------------
CODE
  Relative segment, address: 0000032C - 00000331 (0x6 bytes), align: 2
  Segment part 16.
           ENTRY                   ADDRESS         REF BY
           =====                   =======         ======
           GPIOPinWrite            0000032D        CmdDat_7289 (drive_7289)
                                                   Cmd_7289 (drive_7289)
                                                   Init_7289 (drive_7289)
                                                   SPIWrite_7289 (drive_7289)
                                                   SysTick_ISR (Mouse_Drive)
                                                   __leftMotorContr (Mouse_Drive)
                                                   __rightMotorContr (Mouse_Drive)
                                                   __stepMotorIint (Mouse_Drive)
    -------------------------------------------------------------------------
CODE
  Relative segment, address: 00000334 - 00000351 (0x1e bytes), align: 2
  Segment part 23.
           ENTRY                   ADDRESS         REF BY
           =====                   =======         ======
           GPIOPinTypePWM          00000335        __sensorInit (Mouse_Drive)
               stack 1 = 00000000 ( 0000000C )

    -------------------------------------------------------------------------
  LIBRARY MODULE, NAME : __lib_interrupt

  SEGMENTS IN THE MODULE
  ======================
CODE
  Relative segment, address: 00000354 - 000003C7 (0x74 bytes), align: 2
  Segment part 18.
           ENTRY                   ADDRESS         REF BY
           =====                   =======         ======
           IntEnable               00000355        __stepMotorIint (Mouse_Drive)
    -------------------------------------------------------------------------
CODE
  Relative segment, address: 000003C8 - 000003CB (0x4 bytes), align: 2
  Segment part 20.            Intra module refs:   IntEnable
    -------------------------------------------------------------------------
CODE
  Relative segment, address: 000003CC - 000003CF (0x4 bytes), align: 2
  Segment part 21.            Intra module refs:   IntEnable

    -------------------------------------------------------------------------
  LIBRARY MODULE, NAME : __lib_pwm

  SEGMENTS IN THE MODULE
  ======================
CODE
  Relative segment, address: 000003D0 - 000003FB (0x2c bytes), align: 2
  Segment part 2.
           ENTRY                   ADDRESS         REF BY
           =====                   =======         ======
           PWMGenConfigure         000003D1        __sensorInit (Mouse_Drive)
    -------------------------------------------------------------------------
CODE
  Relative segment, address: 000003FC - 00000411 (0x16 bytes), align: 2
  Segment part 3.
           ENTRY                   ADDRESS         REF BY
           =====                   =======         ======
           PWMGenPeriodSet         000003FD        __irSendFreq (Mouse_Drive)
    -------------------------------------------------------------------------
CODE
  Relative segment, address: 00000414 - 0000041D (0xa bytes), align: 2
  Segment part 5.
           ENTRY                   ADDRESS         REF BY
           =====                   =======         ======
           PWMGenEnable            00000415        __irSendFreq (Mouse_Drive)
    -------------------------------------------------------------------------
CODE
  Relative segment, address: 00000420 - 00000429 (0xa bytes), align: 2
  Segment part 6.
           ENTRY                   ADDRESS         REF BY
           =====                   =======         ======
           PWMGenDisable           00000421        __irCheck (Mouse_Drive)
                                                   __sensorInit (Mouse_Drive)
    -------------------------------------------------------------------------
CODE
  Relative segment, address: 0000042C - 00000449 (0x1e bytes), align: 2
  Segment part 7.
           ENTRY                   ADDRESS         REF BY
           =====                   =======         ======
           PWMPulseWidthSet        0000042D        __irSendFreq (Mouse_Drive)
    -------------------------------------------------------------------------
CODE
  Relative segment, address: 0000044C - 0000045F (0x14 bytes), align: 2
  Segment part 13.
           ENTRY                   ADDRESS         REF BY
           =====                   =======         ======
           PWMOutputState          0000044D        __sensorInit (Mouse_Drive)

    -------------------------------------------------------------------------
  LIBRARY MODULE, NAME : __lib_sysctl

  SEGMENTS IN THE MODULE
  ======================
DATA_C
  Relative segment, address: 0000298C - 00002997 (0xc bytes), align: 2
  Segment part 4.             Intra module refs:   Segment part 16
           LOCAL                   ADDRESS         
           =====                   =======         
           g_pulRCGCRegs           0000298C 
    -------------------------------------------------------------------------
DATA_C
  Relative segment, address: 00002998 - 000029D7 (0x40 bytes), align: 2
  Segment part 7.             Intra module refs:   SysCtlClockGet
           LOCAL                   ADDRESS         
           =====                   =======         
           g_pulXtals              00002998 
    -------------------------------------------------------------------------
CODE
  Relative segment, address: 00000460 - 0000048B (0x2c bytes), align: 2
  Segment part 14.
           ENTRY                   ADDRESS         REF BY
           =====                   =======         ======
           SysCtlPeripheralEnable
                                   00000461        Init_7289 (drive_7289)
                                                   __ADCInit (Mouse_Drive)
                                                   __sensorInit (Mouse_Drive)
                                                   __stepMotorIint (Mouse_Drive)
                                                   mouseInit (Mouse_Drive)
    -------------------------------------------------------------------------
CODE
  Relative segment, address: 0000048C - 0000048F (0x4 bytes), align: 2
  Segment part 16.            Intra module refs:   SysCtlPeripheralEnable
    -------------------------------------------------------------------------
CODE
  Relative segment, address: 00000490 - 00000497 (0x8 bytes), align: 2
  Segment part 42.            Intra module refs:   SysCtlClockSet
           LOCAL                   ADDRESS         
           =====                   =======         
           SysCtlDelay             00000491 
    -------------------------------------------------------------------------
CODE
  Relative segment, address: 00000498 - 000005EB (0x154 bytes), align: 2
  Segment part 43.
           ENTRY                   ADDRESS         REF BY
           =====                   =======         ======
           SysCtlClockSet          00000499        mouseInit (Mouse_Drive)
               stack 1 = 00000000 ( 00000010 )
    -------------------------------------------------------------------------
CODE
  Relative segment, address: 000005EC - 000005EF (0x4 bytes), align: 2
  Segment part 44.            Intra module refs:   SysCtlClockSet
    -------------------------------------------------------------------------
CODE
  Relative segment, address: 000005F0 - 000005F3 (0x4 bytes), align: 2
  Segment part 45.            Intra module refs:   SysCtlClockSet
    -------------------------------------------------------------------------
CODE
  Relative segment, address: 000005F4 - 000005F7 (0x4 bytes), align: 2
  Segment part 46.            Intra module refs:   SysCtlClockSet
    -------------------------------------------------------------------------
CODE
  Relative segment, address: 000005F8 - 0000074F (0x158 bytes), align: 2
  Segment part 47.
           ENTRY                   ADDRESS         REF BY
           =====                   =======         ======
           SysCtlClockGet          000005F9        __irSendFreq (Mouse_Drive)
                                                   __sysTickInit (Mouse_Drive)
                                                   delayus (drive_7289)
               stack 1 = 00000000 ( 0000000C )
    -------------------------------------------------------------------------
CODE
  Relative segment, address: 00000750 - 00000753 (0x4 bytes), align: 2
  Segment part 48.            Intra module refs:   SysCtlClockGet
                                                   SysCtlClockSet
    -------------------------------------------------------------------------
CODE
  Relative segment, address: 00000754 - 00000757 (0x4 bytes), align: 2
  Segment part 49.            Intra module refs:   SysCtlClockGet
                                                   SysCtlClockSet
    -------------------------------------------------------------------------
CODE
  Relative segment, address: 00000758 - 00000769 (0x12 bytes), align: 2
  Segment part 50.
           ENTRY                   ADDRESS         REF BY
           =====                   =======         ======
           SysCtlPWMClockSet       00000759        __sensorInit (Mouse_Drive)
    -------------------------------------------------------------------------
CODE
  Relative segment, address: 0000076C - 000007A7 (0x3c bytes), align: 2
  Segment part 52.
           ENTRY                   ADDRESS         REF BY
           =====                   =======         ======
           SysCtlADCSpeedSet       0000076D        __ADCInit (Mouse_Drive)
    -------------------------------------------------------------------------
CODE
  Relative segment, address: 000007A8 - 000007AB (0x4 bytes), align: 2
  Segment part 54.            Intra module refs:   SysCtlADCSpeedSet
    -------------------------------------------------------------------------
CODE
  Relative segment, address: 000007AC - 000007AF (0x4 bytes), align: 2
  Segment part 58.            Intra module refs:   SysCtlClockGet
                                                   SysCtlPWMClockSet

    -------------------------------------------------------------------------
  LIBRARY MODULE, NAME : __lib_systick

  SEGMENTS IN THE MODULE
  ======================
CODE
  Relative segment, address: 000007B0 - 000007BD (0xe bytes), align: 2
  Segment part 2.
           ENTRY                   ADDRESS         REF BY
           =====                   =======         ======
           SysTickEnable           000007B1        __sysTickInit (Mouse_Drive)
    -------------------------------------------------------------------------
CODE
  Relative segment, address: 000007C0 - 000007CD (0xe bytes), align: 2
  Segment part 6.
           ENTRY                   ADDRESS         REF BY
           =====                   =======         ======
           SysTickIntEnable        000007C1        __sysTickInit (Mouse_Drive)
    -------------------------------------------------------------------------
CODE
  Relative segment, address: 000007D0 - 000007D3 (0x4 bytes), align: 2
  Segment part 8.             Intra module refs:   SysTickEnable
                                                   SysTickIntEnable
    -------------------------------------------------------------------------
CODE
  Relative segment, address: 000007D4 - 000007DB (0x8 bytes), align: 2
  Segment part 9.
           ENTRY                   ADDRESS         REF BY
           =====                   =======         ======
           SysTickPeriodSet        000007D5        __sysTickInit (Mouse_Drive)
    -------------------------------------------------------------------------
CODE
  Relative segment, address: 000007DC - 000007DF (0x4 bytes), align: 2
  Segment part 11.            Intra module refs:   SysTickPeriodSet

    -------------------------------------------------------------------------
  LIBRARY MODULE, NAME : __lib_timer

  SEGMENTS IN THE MODULE
  ======================
CODE
  Relative segment, address: 000007E0 - 000007EB (0xc bytes), align: 2
  Segment part 2.
           ENTRY                   ADDRESS         REF BY
           =====                   =======         ======
           TimerEnable             000007E1        __stepMotorIint (Mouse_Drive)
    -------------------------------------------------------------------------
CODE
  Relative segment, address: 000007EC - 000007EF (0x4 bytes), align: 2
  Segment part 4.             Intra module refs:   TimerEnable
    -------------------------------------------------------------------------
CODE
  Relative segment, address: 000007F0 - 00000813 (0x24 bytes), align: 2
  Segment part 5.
           ENTRY                   ADDRESS         REF BY
           =====                   =======         ======
           TimerConfigure          000007F1        __stepMotorIint (Mouse_Drive)
    -------------------------------------------------------------------------
CODE
  Relative segment, address: 00000814 - 00000825 (0x12 bytes), align: 2
  Segment part 16.
           ENTRY                   ADDRESS         REF BY
           =====                   =======         ======
           TimerLoadSet            00000815        __speedContrL (Mouse_Drive)
                                                   __speedContrR (Mouse_Drive)
                                                   __stepMotorIint (Mouse_Drive)
    -------------------------------------------------------------------------
CODE
  Relative segment, address: 00000828 - 0000082F (0x8 bytes), align: 2
  Segment part 26.
           ENTRY                   ADDRESS         REF BY
           =====                   =======         ======
           TimerIntEnable          00000829        __stepMotorIint (Mouse_Drive)
    -------------------------------------------------------------------------
CODE
  Relative segment, address: 00000830 - 00000833 (0x4 bytes), align: 2
  Segment part 29.
           ENTRY                   ADDRESS         REF BY
           =====                   =======         ======
           TimerIntClear           00000831        Timer0A_ISR (Mouse_Drive)
                                                   Timer1A_ISR (Mouse_Drive)

    *************************************************************************

  FILE NAME : E:\BaiduNetdiskDownload\æ´µ‰ Û\æ´µ‰ Ûdemo≥Ã–Ú\æ≠µ‰ Û≥Ã–Ú\≥ˆ≥ß≥Ã–ÚMaze\Debug\Obj\Mouse_Drive.r79
  PROGRAM MODULE, NAME : Mouse_Drive

  SEGMENTS IN THE MODULE
  ======================
DATA_Z
  Relative segment, address: 20000D78 - 20000D79 (0x2 bytes), align: 0
  Segment part 2.             Intra module refs:   Segment part 100
                                                   Segment part 101
           ENTRY                   ADDRESS         REF BY
           =====                   =======         ======
           GmcMouse                20000D78        Segment part 34 (maze)
                                                   Segment part 35 (maze)
                                                   Segment part 43 (maze)
                                                   Segment part 44 (maze)
                                                   Segment part 54 (maze)
                                                   Segment part 55 (maze)
    -------------------------------------------------------------------------
DATA_Z
  Relative segment, address: 20000D7A - 20000D7A (0x1 bytes), align: 0
  Segment part 3.             Intra module refs:   Segment part 91
                                                   Segment part 99
           ENTRY                   ADDRESS         REF BY
           =====                   =======         ======
           GucMouseDir             20000D7A        Segment part 37 (maze)
                                                   Segment part 45 (maze)
    -------------------------------------------------------------------------
DATA_Z
  Relative segment, address: 20000108 - 20000207 (0x100 bytes), align: 2
  Segment part 4.             Intra module refs:   Segment part 105
           ENTRY                   ADDRESS         REF BY
           =====                   =======         ======
           GucMapBlock             20000108        Segment part 19 (maze)
                                                   Segment part 24 (maze)
                                                   Segment part 36 (maze)
                                                   Segment part 41 (maze)
                                                   Segment part 49 (maze)
    -------------------------------------------------------------------------
DATA_Z
  Relative segment, address: 20000208 - 20000217 (0x10 bytes), align: 2
  Segment part 5.             Intra module refs:   Segment part 26
                                                   Segment part 46
                                                   Segment part 47
                                                   Segment part 48
                                                   Segment part 51
                                                   Segment part 56
                                                   Segment part 60
                                                   Segment part 62
                                                   Segment part 66
                                                   Segment part 84
                                                   Segment part 85
                                                   Segment part 86
           LOCAL                   ADDRESS         
           =====                   =======         
           __GmLeft                20000208 
    -------------------------------------------------------------------------
DATA_Z
  Relative segment, address: 20000218 - 20000227 (0x10 bytes), align: 2
  Segment part 6.             Intra module refs:   Segment part 24
                                                   Segment part 35
                                                   Segment part 36
                                                   Segment part 37
                                                   Segment part 38
                                                   Segment part 55
                                                   Segment part 57
                                                   Segment part 58
                                                   Segment part 64
                                                   Segment part 78
                                                   Segment part 82
                                                   Segment part 83
                                                   Segment part 87
           LOCAL                   ADDRESS         
           =====                   =======         
           __GmRight               20000218 
    -------------------------------------------------------------------------
DATA_Z
  Relative segment, address: 20000D7B - 20000D7B (0x1 bytes), align: 0
  Segment part 7.             Intra module refs:   Segment part 41
                                                   Segment part 50
                                                   Segment part 53
                                                   Segment part 81
           LOCAL                   ADDRESS         
           =====                   =======         
           __GucMouseState         20000D7B 
    -------------------------------------------------------------------------
DATA_Z
  Relative segment, address: 20000228 - 20000867 (0x640 bytes), align: 2
  Segment part 8.             Intra module refs:   Segment part 112
                                                   Segment part 31
                                                   __stepMotorIint
           LOCAL                   ADDRESS         
           =====                   =======         
           __GuiAccelTable         20000228 
    -------------------------------------------------------------------------
DATA_I
  Relative segment, address: 20000000 - 20000003 (0x4 bytes), align: 2
  Segment part 9.             Intra module refs:   Segment part 30
                                                   Segment part 54
           LOCAL                   ADDRESS         
           =====                   =======         
           __GiMaxSpeed            20000000 
    -------------------------------------------------------------------------
DATA_Z
  Relative segment, address: 20000868 - 2000086F (0x8 bytes), align: 2
  Segment part 11.            Intra module refs:   Segment part 34
                                                   Segment part 42
                                                   Segment part 43
                                                   Segment part 44
                                                   Segment part 45
                                                   Segment part 59
                                                   Segment part 61
                                                   Segment part 63
                                                   Segment part 70
                                                   Segment part 71
                                                   Segment part 74
                                                   Segment part 75
                                                   Segment part 76
                                                   Segment part 93
                                                   Segment part 94
                                                   Segment part 95
                                                   Segment part 96
                                                   Segment part 97
           LOCAL                   ADDRESS         
           =====                   =======         
           __GucDistance           20000868 
    -------------------------------------------------------------------------
CODE
  Relative segment, address: 00000834 - 0000083D (0xa bytes), align: 2
  Segment part 22.            Intra module refs:   keyCheck
                                                   mouseTurnback
                                                   mouseTurnleft
                                                   mouseTurnright
           LOCAL                   ADDRESS         
           =====                   =======         
           __delay                 00000835 
    -------------------------------------------------------------------------
CODE
  Relative segment, address: 00000840 - 000008FB (0xbc bytes), align: 2
  Segment part 23.            Intra module refs:   Timer0A_ISR
           LOCAL                   ADDRESS         
           =====                   =======         
           __rightMotorContr       00000841 
               stack 1 = 00000000 ( 00000004 )
    -------------------------------------------------------------------------
CODE
  Relative segment, address: 000008FC - 000008FF (0x4 bytes), align: 2
  Segment part 24.            Intra module refs:   __rightMotorContr
    -------------------------------------------------------------------------
DATA_Z
  Relative segment, address: 20000D7C - 20000D7C (0x1 bytes), align: 0
  Segment part 12.            Intra module refs:   __rightMotorContr
           LOCAL                   ADDRESS         
           =====                   =======         
           __rightMotorContr::cStep
                                   20000D7C 
    -------------------------------------------------------------------------
CODE
  Relative segment, address: 00000900 - 000009BB (0xbc bytes), align: 2
  Segment part 25.            Intra module refs:   Timer1A_ISR
           LOCAL                   ADDRESS         
           =====                   =======         
           __leftMotorContr        00000901 
               stack 1 = 00000000 ( 00000004 )
    -------------------------------------------------------------------------
CODE
  Relative segment, address: 000009BC - 000009BF (0x4 bytes), align: 2
  Segment part 26.            Intra module refs:   __leftMotorContr
    -------------------------------------------------------------------------
CODE
  Relative segment, address: 000009C0 - 000009C3 (0x4 bytes), align: 2
  Segment part 27.            Intra module refs:   __leftMotorContr
                                                   __rightMotorContr
    -------------------------------------------------------------------------
DATA_Z
  Relative segment, address: 20000D7D - 20000D7D (0x1 bytes), align: 0
  Segment part 13.            Intra module refs:   __leftMotorContr
           LOCAL                   ADDRESS         
           =====                   =======         
           __leftMotorContr::cStep
                                   20000D7D 
    -------------------------------------------------------------------------
CODE
  Relative segment, address: 000009C4 - 00000A29 (0x66 bytes), align: 2
  Segment part 28.            Intra module refs:   Timer0A_ISR
           ENTRY                   ADDRESS         REF BY
           =====                   =======         ======
           __speedContrR           000009C5 
               stack 1 = 00000000 ( 00000004 )
    -------------------------------------------------------------------------
CODE
  Relative segment, address: 00000A2C - 00000A85 (0x5a bytes), align: 2
  Segment part 29.            Intra module refs:   Timer1A_ISR
           ENTRY                   ADDRESS         REF BY
           =====                   =======         ======
           __speedContrL           00000A2D 
               stack 1 = 00000000 ( 00000004 )
    -------------------------------------------------------------------------
CODE
  Relative segment, address: 00000A88 - 00000A8B (0x4 bytes), align: 2
  Segment part 30.            Intra module refs:   __speedContrL
                                                   __speedContrR
    -------------------------------------------------------------------------
CODE
  Relative segment, address: 00000A8C - 00000A8F (0x4 bytes), align: 2
  Segment part 31.            Intra module refs:   __speedContrL
                                                   __speedContrR
    -------------------------------------------------------------------------
CODE
  Relative segment, address: 00000A90 - 00000B93 (0x104 bytes), align: 2
  Segment part 32.
           ENTRY                   ADDRESS         REF BY
           =====                   =======         ======
           Timer0A_ISR             00000A91        g_pfnVectors (startup)
               stack 1 = 00000000 ( 00000004 )
    -------------------------------------------------------------------------
CODE
  Relative segment, address: 00000B94 - 00000B97 (0x4 bytes), align: 2
  Segment part 33.            Intra module refs:   Timer0A_ISR
                                                   __speedContrR
    -------------------------------------------------------------------------
CODE
  Relative segment, address: 00000B98 - 00000B9B (0x4 bytes), align: 2
  Segment part 34.            Intra module refs:   Timer0A_ISR
    -------------------------------------------------------------------------
CODE
  Relative segment, address: 00000B9C - 00000B9F (0x4 bytes), align: 2
  Segment part 35.            Intra module refs:   Timer0A_ISR
    -------------------------------------------------------------------------
CODE
  Relative segment, address: 00000BA0 - 00000BA3 (0x4 bytes), align: 2
  Segment part 36.            Intra module refs:   Timer0A_ISR
                                                   __speedContrR
    -------------------------------------------------------------------------
CODE
  Relative segment, address: 00000BA4 - 00000BA7 (0x4 bytes), align: 2
  Segment part 37.            Intra module refs:   Timer0A_ISR
                                                   __speedContrR
    -------------------------------------------------------------------------
CODE
  Relative segment, address: 00000BA8 - 00000BAB (0x4 bytes), align: 2
  Segment part 38.            Intra module refs:   Timer0A_ISR
                                                   __speedContrR
    -------------------------------------------------------------------------
DATA_Z
  Relative segment, address: 20000D7E - 20000D7E (0x1 bytes), align: 0
  Segment part 14.            Intra module refs:   Timer0A_ISR
           LOCAL                   ADDRESS         
           =====                   =======         
           Timer0A_ISR::n          20000D7E 
    -------------------------------------------------------------------------
DATA_Z
  Relative segment, address: 20000D7F - 20000D7F (0x1 bytes), align: 0
  Segment part 15.            Intra module refs:   Timer0A_ISR
           LOCAL                   ADDRESS         
           =====                   =======         
           Timer0A_ISR::m          20000D7F 
    -------------------------------------------------------------------------
CODE
  Relative segment, address: 00000BAC - 00000CAF (0x104 bytes), align: 2
  Segment part 39.
           ENTRY                   ADDRESS         REF BY
           =====                   =======         ======
           Timer1A_ISR             00000BAD        g_pfnVectors (startup)
               stack 1 = 00000000 ( 00000004 )
    -------------------------------------------------------------------------
CODE
  Relative segment, address: 00000CB0 - 00000CB3 (0x4 bytes), align: 2
  Segment part 40.            Intra module refs:   Timer1A_ISR
                                                   __speedContrL
    -------------------------------------------------------------------------
CODE
  Relative segment, address: 00000CB4 - 00000CB7 (0x4 bytes), align: 2
  Segment part 41.            Intra module refs:   Timer0A_ISR
                                                   Timer1A_ISR
    -------------------------------------------------------------------------
CODE
  Relative segment, address: 00000CB8 - 00000CBB (0x4 bytes), align: 2
  Segment part 42.            Intra module refs:   Timer1A_ISR
    -------------------------------------------------------------------------
CODE
  Relative segment, address: 00000CBC - 00000CBF (0x4 bytes), align: 2
  Segment part 43.            Intra module refs:   Timer0A_ISR
                                                   Timer1A_ISR
    -------------------------------------------------------------------------
CODE
  Relative segment, address: 00000CC0 - 00000CC3 (0x4 bytes), align: 2
  Segment part 44.            Intra module refs:   Timer0A_ISR
                                                   Timer1A_ISR
    -------------------------------------------------------------------------
CODE
  Relative segment, address: 00000CC4 - 00000CC7 (0x4 bytes), align: 2
  Segment part 45.            Intra module refs:   Timer0A_ISR
                                                   Timer1A_ISR
    -------------------------------------------------------------------------
CODE
  Relative segment, address: 00000CC8 - 00000CCB (0x4 bytes), align: 2
  Segment part 46.            Intra module refs:   Timer1A_ISR
                                                   __speedContrL
    -------------------------------------------------------------------------
CODE
  Relative segment, address: 00000CCC - 00000CCF (0x4 bytes), align: 2
  Segment part 47.            Intra module refs:   Timer1A_ISR
                                                   __speedContrL
    -------------------------------------------------------------------------
CODE
  Relative segment, address: 00000CD0 - 00000CD3 (0x4 bytes), align: 2
  Segment part 48.            Intra module refs:   Timer1A_ISR
                                                   __speedContrL
    -------------------------------------------------------------------------
DATA_Z
  Relative segment, address: 20000D80 - 20000D80 (0x1 bytes), align: 0
  Segment part 16.            Intra module refs:   Timer1A_ISR
           LOCAL                   ADDRESS         
           =====                   =======         
           Timer1A_ISR::n          20000D80 
    -------------------------------------------------------------------------
DATA_Z
  Relative segment, address: 20000D81 - 20000D81 (0x1 bytes), align: 0
  Segment part 17.            Intra module refs:   Timer1A_ISR
           LOCAL                   ADDRESS         
           =====                   =======         
           Timer1A_ISR::m          20000D81 
    -------------------------------------------------------------------------
CODE
  Relative segment, address: 00000CD4 - 00000E47 (0x174 bytes), align: 2
  Segment part 49.
           ENTRY                   ADDRESS         REF BY
           =====                   =======         ======
           mouseGoahead            00000CD5        objectGoTo (maze)
               stack 1 = 00000000 ( 00000014 )
    -------------------------------------------------------------------------
CODE
  Relative segment, address: 00000E48 - 00000E4B (0x4 bytes), align: 2
  Segment part 50.            Intra module refs:   mouseGoahead
    -------------------------------------------------------------------------
CODE
  Relative segment, address: 00000E4C - 00000E4F (0x4 bytes), align: 2
  Segment part 51.            Intra module refs:   Timer1A_ISR
                                                   mouseGoahead
    -------------------------------------------------------------------------
CODE
  Relative segment, address: 00000E50 - 00000FBB (0x16c bytes), align: 2
  Segment part 52.
           ENTRY                   ADDRESS         REF BY
           =====                   =======         ======
           mazeSearch              00000E51        main (maze)
               stack 1 = 00000000 ( 00000010 )
    -------------------------------------------------------------------------
CODE
  Relative segment, address: 00000FBC - 00000FBF (0x4 bytes), align: 2
  Segment part 53.            Intra module refs:   mazeSearch
    -------------------------------------------------------------------------
CODE
  Relative segment, address: 00000FC0 - 00000FC3 (0x4 bytes), align: 2
  Segment part 54.            Intra module refs:   mazeSearch
                                                   mouseGoahead
    -------------------------------------------------------------------------
CODE
  Relative segment, address: 00000FC4 - 00000FC7 (0x4 bytes), align: 2
  Segment part 55.            Intra module refs:   mazeSearch
                                                   mouseGoahead
    -------------------------------------------------------------------------
CODE
  Relative segment, address: 00000FC8 - 00000FCB (0x4 bytes), align: 2
  Segment part 56.            Intra module refs:   mazeSearch
                                                   mouseGoahead
    -------------------------------------------------------------------------
CODE
  Relative segment, address: 00000FCC - 00000FCF (0x4 bytes), align: 2
  Segment part 57.            Intra module refs:   mazeSearch
                                                   mouseGoahead
    -------------------------------------------------------------------------
CODE
  Relative segment, address: 00000FD0 - 00000FD3 (0x4 bytes), align: 2
  Segment part 58.            Intra module refs:   mazeSearch
                                                   mouseGoahead
    -------------------------------------------------------------------------
CODE
  Relative segment, address: 00000FD4 - 00000FD7 (0x4 bytes), align: 2
  Segment part 59.            Intra module refs:   mazeSearch
                                                   mouseGoahead
    -------------------------------------------------------------------------
CODE
  Relative segment, address: 00000FD8 - 00000FDB (0x4 bytes), align: 2
  Segment part 60.            Intra module refs:   mazeSearch
                                                   mouseGoahead
    -------------------------------------------------------------------------
CODE
  Relative segment, address: 00000FDC - 00000FDF (0x4 bytes), align: 2
  Segment part 61.            Intra module refs:   mazeSearch
                                                   mouseGoahead
    -------------------------------------------------------------------------
CODE
  Relative segment, address: 00000FE0 - 00000FE3 (0x4 bytes), align: 2
  Segment part 62.            Intra module refs:   mazeSearch
                                                   mouseGoahead
    -------------------------------------------------------------------------
CODE
  Relative segment, address: 00000FE4 - 00000FE7 (0x4 bytes), align: 2
  Segment part 63.            Intra module refs:   mazeSearch
                                                   mouseGoahead
    -------------------------------------------------------------------------
CODE
  Relative segment, address: 00000FE8 - 00000FEB (0x4 bytes), align: 2
  Segment part 64.            Intra module refs:   mazeSearch
                                                   mouseGoahead
    -------------------------------------------------------------------------
CODE
  Relative segment, address: 00000FEC - 00001057 (0x6c bytes), align: 2
  Segment part 65.
           ENTRY                   ADDRESS         REF BY
           =====                   =======         ======
           SysTick_ISR             00000FED        g_pfnVectors (startup)
               stack 1 = 00000000 ( 00000004 )
    -------------------------------------------------------------------------
CODE
  Relative segment, address: 00001058 - 0000105B (0x4 bytes), align: 2
  Segment part 66.            Intra module refs:   SysTick_ISR
                                                   mazeSearch
    -------------------------------------------------------------------------
CODE
  Relative segment, address: 0000105C - 0000105F (0x4 bytes), align: 2
  Segment part 67.            Intra module refs:   SysTick_ISR
    -------------------------------------------------------------------------
DATA_Z
  Relative segment, address: 20000870 - 20000873 (0x4 bytes), align: 2
  Segment part 18.            Intra module refs:   SysTick_ISR
           LOCAL                   ADDRESS         
           =====                   =======         
           SysTick_ISR::iL         20000870 
    -------------------------------------------------------------------------
DATA_Z
  Relative segment, address: 20000874 - 20000877 (0x4 bytes), align: 2
  Segment part 19.            Intra module refs:   SysTick_ISR
           LOCAL                   ADDRESS         
           =====                   =======         
           SysTick_ISR::iR         20000874 
    -------------------------------------------------------------------------
CODE
  Relative segment, address: 00001060 - 000010B7 (0x58 bytes), align: 2
  Segment part 68.            Intra module refs:   __irCheck
           LOCAL                   ADDRESS         
           =====                   =======         
           __irSendFreq            00001061 
               stack 1 = 00000000 ( 0000000C )
    -------------------------------------------------------------------------
CODE
  Relative segment, address: 000010B8 - 00001247 (0x190 bytes), align: 2
  Segment part 69.            Intra module refs:   SysTick_ISR
           LOCAL                   ADDRESS         
           =====                   =======         
           __irCheck               000010B9 
               stack 1 = 00000000 ( 00000004 )
    -------------------------------------------------------------------------
CODE
  Relative segment, address: 00001248 - 0000124B (0x4 bytes), align: 2
  Segment part 70.            Intra module refs:   __irCheck
    -------------------------------------------------------------------------
CODE
  Relative segment, address: 0000124C - 0000124F (0x4 bytes), align: 2
  Segment part 71.            Intra module refs:   __irCheck
    -------------------------------------------------------------------------
CODE
  Relative segment, address: 00001250 - 00001253 (0x4 bytes), align: 2
  Segment part 72.            Intra module refs:   __irCheck
    -------------------------------------------------------------------------
CODE
  Relative segment, address: 00001254 - 00001257 (0x4 bytes), align: 2
  Segment part 73.            Intra module refs:   __irCheck
                                                   __irSendFreq
    -------------------------------------------------------------------------
CODE
  Relative segment, address: 00001258 - 0000125B (0x4 bytes), align: 2
  Segment part 74.            Intra module refs:   __irCheck
    -------------------------------------------------------------------------
CODE
  Relative segment, address: 0000125C - 0000125F (0x4 bytes), align: 2
  Segment part 75.            Intra module refs:   __irCheck
    -------------------------------------------------------------------------
CODE
  Relative segment, address: 00001260 - 00001263 (0x4 bytes), align: 2
  Segment part 76.            Intra module refs:   __irCheck
    -------------------------------------------------------------------------
DATA_Z
  Relative segment, address: 20000D82 - 20000D82 (0x1 bytes), align: 0
  Segment part 20.            Intra module refs:   __irCheck
           LOCAL                   ADDRESS         
           =====                   =======         
           __irCheck::ucState      20000D82 
    -------------------------------------------------------------------------
DATA_Z
  Relative segment, address: 20000D83 - 20000D83 (0x1 bytes), align: 0
  Segment part 21.            Intra module refs:   __irCheck
           LOCAL                   ADDRESS         
           =====                   =======         
           __irCheck::ucIRCheck    20000D83 
    -------------------------------------------------------------------------
CODE
  Relative segment, address: 00001264 - 000012CB (0x68 bytes), align: 2
  Segment part 77.
           ENTRY                   ADDRESS         REF BY
           =====                   =======         ======
           mouseTurnright          00001265        frontLeftMethod (maze)
                                                   frontRightMethod (maze)
                                                   leftMethod (maze)
                                                   objectGoTo (maze)
                                                   rightMethod (maze)
               stack 1 = 00000000 ( 00000004 )
    -------------------------------------------------------------------------
CODE
  Relative segment, address: 000012CC - 000012CF (0x4 bytes), align: 2
  Segment part 78.            Intra module refs:   SysTick_ISR
                                                   mouseTurnright
    -------------------------------------------------------------------------
CODE
  Relative segment, address: 000012D0 - 00001337 (0x68 bytes), align: 2
  Segment part 79.
           ENTRY                   ADDRESS         REF BY
           =====                   =======         ======
           mouseTurnleft           000012D1        frontLeftMethod (maze)
                                                   frontRightMethod (maze)
                                                   leftMethod (maze)
                                                   objectGoTo (maze)
                                                   rightMethod (maze)
               stack 1 = 00000000 ( 00000004 )
    -------------------------------------------------------------------------
CODE
  Relative segment, address: 00001338 - 0000139F (0x68 bytes), align: 2
  Segment part 80.
           ENTRY                   ADDRESS         REF BY
           =====                   =======         ======
           mouseTurnback           00001339        main (maze)
                                                   objectGoTo (maze)
               stack 1 = 00000000 ( 00000004 )
    -------------------------------------------------------------------------
CODE
  Relative segment, address: 000013A0 - 000013A3 (0x4 bytes), align: 2
  Segment part 81.            Intra module refs:   mouseTurnback
                                                   mouseTurnleft
                                                   mouseTurnright
    -------------------------------------------------------------------------
CODE
  Relative segment, address: 000013A4 - 000013A7 (0x4 bytes), align: 2
  Segment part 82.            Intra module refs:   mouseTurnback
                                                   mouseTurnleft
                                                   mouseTurnright
    -------------------------------------------------------------------------
CODE
  Relative segment, address: 000013A8 - 000013AB (0x4 bytes), align: 2
  Segment part 83.            Intra module refs:   mouseTurnback
                                                   mouseTurnleft
                                                   mouseTurnright
    -------------------------------------------------------------------------
CODE
  Relative segment, address: 000013AC - 000013AF (0x4 bytes), align: 2
  Segment part 84.            Intra module refs:   mouseTurnback
                                                   mouseTurnleft
                                                   mouseTurnright
    -------------------------------------------------------------------------
CODE
  Relative segment, address: 000013B0 - 000013B3 (0x4 bytes), align: 2
  Segment part 85.            Intra module refs:   mouseTurnback
                                                   mouseTurnleft
                                                   mouseTurnright
    -------------------------------------------------------------------------
CODE
  Relative segment, address: 000013B4 - 000013B7 (0x4 bytes), align: 2
  Segment part 86.            Intra module refs:   mouseTurnback
                                                   mouseTurnleft
                                                   mouseTurnright
    -------------------------------------------------------------------------
CODE
  Relative segment, address: 000013B8 - 000013BB (0x4 bytes), align: 2
  Segment part 87.            Intra module refs:   mouseTurnback
                                                   mouseTurnleft
    -------------------------------------------------------------------------
CODE
  Relative segment, address: 000013BC - 000013BF (0x4 bytes), align: 2
  Segment part 88.            Intra module refs:   mouseTurnback
                                                   mouseTurnleft
                                                   mouseTurnright
    -------------------------------------------------------------------------
CODE
  Relative segment, address: 000013C0 - 0000140F (0x50 bytes), align: 2
  Segment part 89.            Intra module refs:   mazeSearch
                                                   mouseGoahead
           LOCAL                   ADDRESS         
           =====                   =======         
           __mouseCoorUpdate       000013C1 
               stack 1 = 00000000 ( 00000004 )
    -------------------------------------------------------------------------
CODE
  Relative segment, address: 00001410 - 00001519 (0x10a bytes), align: 2
  Segment part 90.            Intra module refs:   __mouseCoorUpdate
           LOCAL                   ADDRESS         
           =====                   =======         
           __wallCheck             00001411 
               stack 1 = 00000000 ( 00000008 )
    -------------------------------------------------------------------------
CODE
  Relative segment, address: 0000151C - 0000151F (0x4 bytes), align: 2
  Segment part 91.            Intra module refs:   __mouseCoorUpdate
                                                   __wallCheck
                                                   mouseTurnback
                                                   mouseTurnleft
                                                   mouseTurnright
    -------------------------------------------------------------------------
CODE
  Relative segment, address: 00001520 - 00001569 (0x4a bytes), align: 2
  Segment part 92.
           ENTRY                   ADDRESS         REF BY
           =====                   =======         ======
           sensorDebug             00001521        main (maze)
               stack 1 = 00000000 ( 00000004 )
    -------------------------------------------------------------------------
CODE
  Relative segment, address: 0000156C - 0000156F (0x4 bytes), align: 2
  Segment part 93.            Intra module refs:   __wallCheck
                                                   sensorDebug
    -------------------------------------------------------------------------
CODE
  Relative segment, address: 00001570 - 00001573 (0x4 bytes), align: 2
  Segment part 94.            Intra module refs:   sensorDebug
    -------------------------------------------------------------------------
CODE
  Relative segment, address: 00001574 - 00001577 (0x4 bytes), align: 2
  Segment part 95.            Intra module refs:   __wallCheck
                                                   sensorDebug
    -------------------------------------------------------------------------
CODE
  Relative segment, address: 00001578 - 0000157B (0x4 bytes), align: 2
  Segment part 96.            Intra module refs:   sensorDebug
    -------------------------------------------------------------------------
CODE
  Relative segment, address: 0000157C - 0000157F (0x4 bytes), align: 2
  Segment part 97.            Intra module refs:   __wallCheck
                                                   sensorDebug
    -------------------------------------------------------------------------
CODE
  Relative segment, address: 00001580 - 00001641 (0xc2 bytes), align: 2
  Segment part 98.            Intra module refs:   __mouseCoorUpdate
                                                   mouseTurnback
                                                   mouseTurnleft
                                                   mouseTurnright
           LOCAL                   ADDRESS         
           =====                   =======         
           __mazeInfDebug          00001581 
               stack 1 = 00000000 ( 00000004 )
    -------------------------------------------------------------------------
CODE
  Relative segment, address: 00001644 - 00001647 (0x4 bytes), align: 2
  Segment part 99.            Intra module refs:   __mazeInfDebug
    -------------------------------------------------------------------------
CODE
  Relative segment, address: 00001648 - 0000164B (0x4 bytes), align: 2
  Segment part 100.           Intra module refs:   __mazeInfDebug
                                                   __mouseCoorUpdate
                                                   __wallCheck
    -------------------------------------------------------------------------
CODE
  Relative segment, address: 0000164C - 0000164F (0x4 bytes), align: 2
  Segment part 101.           Intra module refs:   __mazeInfDebug
                                                   __mouseCoorUpdate
                                                   __wallCheck
    -------------------------------------------------------------------------
CODE
  Relative segment, address: 00001650 - 00001677 (0x28 bytes), align: 2
  Segment part 102.
           ENTRY                   ADDRESS         REF BY
           =====                   =======         ======
           keyCheck                00001651        main (maze)
               stack 1 = 00000000 ( 00000004 )
    -------------------------------------------------------------------------
CODE
  Relative segment, address: 00001678 - 0000170B (0x94 bytes), align: 2
  Segment part 103.
           ENTRY                   ADDRESS         REF BY
           =====                   =======         ======
           voltageDetect           00001679        main (maze)
               stack 1 = 00000000 ( 00000008 )
    -------------------------------------------------------------------------
CODE
  Relative segment, address: 0000170C - 0000175B (0x50 bytes), align: 2
  Segment part 104.
           ENTRY                   ADDRESS         REF BY
           =====                   =======         ======
           mouseInit               0000170D        main (maze)
               stack 1 = 00000000 ( 00000004 )
    -------------------------------------------------------------------------
CODE
  Relative segment, address: 0000175C - 0000175F (0x4 bytes), align: 2
  Segment part 105.           Intra module refs:   __wallCheck
                                                   mouseInit
    -------------------------------------------------------------------------
CODE
  Relative segment, address: 00001760 - 000017C7 (0x68 bytes), align: 2
  Segment part 106.           Intra module refs:   mouseInit
           LOCAL                   ADDRESS         
           =====                   =======         
           __sensorInit            00001761 
               stack 1 = 00000000 ( 00000004 )
    -------------------------------------------------------------------------
CODE
  Relative segment, address: 000017C8 - 000017CB (0x4 bytes), align: 2
  Segment part 107.           Intra module refs:   __sensorInit
    -------------------------------------------------------------------------
CODE
  Relative segment, address: 000017CC - 000017CF (0x4 bytes), align: 2
  Segment part 108.           Intra module refs:   __sensorInit
    -------------------------------------------------------------------------
CODE
  Relative segment, address: 000017D0 - 000018B3 (0xe4 bytes), align: 2
  Segment part 109.           Intra module refs:   mouseInit
           LOCAL                   ADDRESS         
           =====                   =======         
           __stepMotorIint         000017D1 
               stack 1 = 00000000 ( 0000000C )
    -------------------------------------------------------------------------
CODE
  Relative segment, address: 000018B4 - 000018B7 (0x4 bytes), align: 2
  Segment part 110.           Intra module refs:   __stepMotorIint
    -------------------------------------------------------------------------
CODE
  Relative segment, address: 000018B8 - 000018BB (0x4 bytes), align: 2
  Segment part 111.           Intra module refs:   __stepMotorIint
    -------------------------------------------------------------------------
CODE
  Relative segment, address: 000018BC - 000018BF (0x4 bytes), align: 2
  Segment part 112.           Intra module refs:   __stepMotorIint
    -------------------------------------------------------------------------
CODE
  Relative segment, address: 000018C0 - 000018C3 (0x4 bytes), align: 2
  Segment part 113.           Intra module refs:   __stepMotorIint
    -------------------------------------------------------------------------
CODE
  Relative segment, address: 000018C4 - 000018D1 (0xe bytes), align: 2
  Segment part 114.           Intra module refs:   mouseInit
           LOCAL                   ADDRESS         
           =====                   =======         
           __keyInit               000018C5 
               stack 1 = 00000000 ( 00000004 )
    -------------------------------------------------------------------------
CODE
  Relative segment, address: 000018D4 - 000018D7 (0x4 bytes), align: 2
  Segment part 115.           Intra module refs:   __keyInit
                                                   keyCheck
    -------------------------------------------------------------------------
CODE
  Relative segment, address: 000018D8 - 000018F3 (0x1c bytes), align: 2
  Segment part 116.           Intra module refs:   mouseInit
           LOCAL                   ADDRESS         
           =====                   =======         
           __sysTickInit           000018D9 
               stack 1 = 00000000 ( 00000004 )
    -------------------------------------------------------------------------
CODE
  Relative segment, address: 000018F4 - 0000192F (0x3c bytes), align: 2
  Segment part 117.           Intra module refs:   mouseInit
           LOCAL                   ADDRESS         
           =====                   =======         
           __ADCInit               000018F5 
               stack 1 = 00000000 ( 00000004 )
    -------------------------------------------------------------------------
CODE
  Relative segment, address: 00001930 - 00001933 (0x4 bytes), align: 2
  Segment part 118.           Intra module refs:   __ADCInit
                                                   voltageDetect
    -------------------------------------------------------------------------
DATA_ID
  Relative segment, address: 00002884 - 00002887 (0x4 bytes), align: 2
  Segment part 10.            Intra module refs:   __GiMaxSpeed
    -------------------------------------------------------------------------
INITTAB
  Relative segment, address: 0000286C - 00002877 (0xc bytes), align: 2
  Segment part 155. ROOT.
           ENTRY                   ADDRESS         REF BY
           =====                   =======         ======
           ?init?tab?DATA_I        0000286C 
    -------------------------------------------------------------------------
INITTAB
  Relative segment, address: 00002878 - 00002883 (0xc bytes), align: 2
  Segment part 156. ROOT.
           ENTRY                   ADDRESS         REF BY
           =====                   =======         ======
           ?init?tab?DATA_Z        00002878 

    *************************************************************************

  FILE NAME : E:\BaiduNetdiskDownload\æ´µ‰ Û\æ´µ‰ Ûdemo≥Ã–Ú\æ≠µ‰ Û≥Ã–Ú\≥ˆ≥ß≥Ã–ÚMaze\Debug\Obj\drive_7289.r79
  PROGRAM MODULE, NAME : drive_7289

  SEGMENTS IN THE MODULE
  ======================
CODE
  Relative segment, address: 00001934 - 00001953 (0x20 bytes), align: 2
  Segment part 3.             Intra module refs:   CmdDat_7289
                                                   Cmd_7289
                                                   SPIWrite_7289
           ENTRY                   ADDRESS         REF BY
           =====                   =======         ======
           delayus                 00001935 
               stack 1 = 00000000 ( 00000008 )
    -------------------------------------------------------------------------
CODE
  Relative segment, address: 00001954 - 000019BB (0x68 bytes), align: 2
  Segment part 4.             Intra module refs:   CmdDat_7289
                                                   Cmd_7289
           ENTRY                   ADDRESS         REF BY
           =====                   =======         ======
           SPIWrite_7289           00001955 
               stack 1 = 00000000 ( 0000000C )
    -------------------------------------------------------------------------
CODE
  Relative segment, address: 000019BC - 000019EB (0x30 bytes), align: 2
  Segment part 6.             Intra module refs:   Init_7289
           ENTRY                   ADDRESS         REF BY
           =====                   =======         ======
           Cmd_7289                000019BD        main (maze)
               stack 1 = 00000000 ( 00000008 )
    -------------------------------------------------------------------------
CODE
  Relative segment, address: 000019EC - 00001A29 (0x3e bytes), align: 2
  Segment part 7.             Intra module refs:   Download_7289
           ENTRY                   ADDRESS         REF BY
           =====                   =======         ======
           CmdDat_7289             000019ED 
               stack 1 = 00000000 ( 0000000C )
    -------------------------------------------------------------------------
CODE
  Relative segment, address: 00001A2C - 00001A73 (0x48 bytes), align: 2
  Segment part 8.
           ENTRY                   ADDRESS         REF BY
           =====                   =======         ======
           Download_7289           00001A2D        __mazeInfDebug (Mouse_Drive)
                                                   __wallCheck (Mouse_Drive)
                                                   sensorDebug (Mouse_Drive)
                                                   voltageDetect (Mouse_Drive)
               stack 1 = 00000000 ( 00000018 )
    -------------------------------------------------------------------------
CODE
  Relative segment, address: 00001A74 - 00001AB7 (0x44 bytes), align: 2
  Segment part 10.
           ENTRY                   ADDRESS         REF BY
           =====                   =======         ======
           Init_7289               00001A75        main (maze)
               stack 1 = 00000000 ( 00000004 )
    -------------------------------------------------------------------------
DATA_C
  Relative segment, address: 000029D8 - 000029DA (0x3 bytes), align: 0
  Segment part 2.             Intra module refs:   Download_7289

    *************************************************************************

  FILE NAME : E:\BaiduNetdiskDownload\æ´µ‰ Û\æ´µ‰ Ûdemo≥Ã–Ú\æ≠µ‰ Û≥Ã–Ú\≥ˆ≥ß≥Ã–ÚMaze\Debug\Obj\maze.r79
  PROGRAM MODULE, NAME : maze

  SEGMENTS IN THE MODULE
  ======================
DATA_Z
  Relative segment, address: 20000D84 - 20000D84 (0x1 bytes), align: 0
  Segment part 2.             Intra module refs:   Segment part 28
                                                   Segment part 57
           LOCAL                   ADDRESS         
           =====                   =======         
           GucXStart               20000D84 
    -------------------------------------------------------------------------
DATA_Z
  Relative segment, address: 20000D85 - 20000D85 (0x1 bytes), align: 0
  Segment part 3.             Intra module refs:   Segment part 27
                                                   Segment part 56
           LOCAL                   ADDRESS         
           =====                   =======         
           GucYStart               20000D85 
    -------------------------------------------------------------------------
DATA_I
  Relative segment, address: 20000104 - 20000104 (0x1 bytes), align: 0
  Segment part 4.             Intra module refs:   Segment part 22
                                                   Segment part 50
           LOCAL                   ADDRESS         
           =====                   =======         
           GucXGoal0               20000104 
    -------------------------------------------------------------------------
DATA_I
  Relative segment, address: 20000105 - 20000105 (0x1 bytes), align: 0
  Segment part 6.             Intra module refs:   Segment part 25
                                                   Segment part 52
           LOCAL                   ADDRESS         
           =====                   =======         
           GucXGoal1               20000105 
    -------------------------------------------------------------------------
DATA_I
  Relative segment, address: 20000106 - 20000106 (0x1 bytes), align: 0
  Segment part 8.             Intra module refs:   Segment part 23
                                                   Segment part 51
           LOCAL                   ADDRESS         
           =====                   =======         
           GucYGoal0               20000106 
    -------------------------------------------------------------------------
DATA_I
  Relative segment, address: 20000107 - 20000107 (0x1 bytes), align: 0
  Segment part 10.            Intra module refs:   Segment part 26
                                                   Segment part 53
           LOCAL                   ADDRESS         
           =====                   =======         
           GucYGoal1               20000107 
    -------------------------------------------------------------------------
DATA_Z
  Relative segment, address: 20000D86 - 20000D86 (0x1 bytes), align: 0
  Segment part 12.            Intra module refs:   main
           LOCAL                   ADDRESS         
           =====                   =======         
           GucMouseTask            20000D86 
    -------------------------------------------------------------------------
DATA_I
  Relative segment, address: 20000004 - 20000103 (0x100 bytes), align: 2
  Segment part 13.            Intra module refs:   Segment part 20
                                                   Segment part 29
                                                   Segment part 31
           LOCAL                   ADDRESS         
           =====                   =======         
           GucMapStep              20000004 
    -------------------------------------------------------------------------
DATA_Z
  Relative segment, address: 20000878 - 20000A77 (0x200 bytes), align: 2
  Segment part 15.            Intra module refs:   mapStepEdit
           LOCAL                   ADDRESS         
           =====                   =======         
           GmcStack                20000878 
    -------------------------------------------------------------------------
DATA_Z
  Relative segment, address: 20000A78 - 20000C77 (0x200 bytes), align: 2
  Segment part 16.            Intra module refs:   main
           LOCAL                   ADDRESS         
           =====                   =======         
           GmcCrossway             20000A78 
    -------------------------------------------------------------------------
CODE
  Relative segment, address: 00001AB8 - 00001AC1 (0xa bytes), align: 2
  Segment part 17.            Intra module refs:   main
           ENTRY                   ADDRESS         REF BY
           =====                   =======         ======
           delay                   00001AB9 
    -------------------------------------------------------------------------
CODE
  Relative segment, address: 00001AC4 - 00001D4F (0x28c bytes), align: 2
  Segment part 18.            Intra module refs:   mouseSpurt
                                                   objectGoTo
           LOCAL                   ADDRESS         
           =====                   =======         
           mapStepEdit             00001AC5 
               stack 1 = 00000000 ( 00000010 )
    -------------------------------------------------------------------------
CODE
  Relative segment, address: 00001D50 - 00001D53 (0x4 bytes), align: 2
  Segment part 19.            Intra module refs:   mapStepEdit
    -------------------------------------------------------------------------
CODE
  Relative segment, address: 00001D54 - 00001D57 (0x4 bytes), align: 2
  Segment part 20.            Intra module refs:   mapStepEdit
    -------------------------------------------------------------------------
CODE
  Relative segment, address: 00001D58 - 00001EB7 (0x160 bytes), align: 2
  Segment part 21.            Intra module refs:   main
           LOCAL                   ADDRESS         
           =====                   =======         
           mouseSpurt              00001D59 
               stack 1 = 00000000 ( 00000010 )
    -------------------------------------------------------------------------
CODE
  Relative segment, address: 00001EB8 - 00001EBB (0x4 bytes), align: 2
  Segment part 22.            Intra module refs:   mouseSpurt
    -------------------------------------------------------------------------
CODE
  Relative segment, address: 00001EBC - 00001EBF (0x4 bytes), align: 2
  Segment part 23.            Intra module refs:   mouseSpurt
    -------------------------------------------------------------------------
CODE
  Relative segment, address: 00001EC0 - 00001EC3 (0x4 bytes), align: 2
  Segment part 24.            Intra module refs:   mouseSpurt
    -------------------------------------------------------------------------
CODE
  Relative segment, address: 00001EC4 - 00001EC7 (0x4 bytes), align: 2
  Segment part 25.            Intra module refs:   mouseSpurt
    -------------------------------------------------------------------------
CODE
  Relative segment, address: 00001EC8 - 00001ECB (0x4 bytes), align: 2
  Segment part 26.            Intra module refs:   mouseSpurt
    -------------------------------------------------------------------------
CODE
  Relative segment, address: 00001ECC - 00001ECF (0x4 bytes), align: 2
  Segment part 27.            Intra module refs:   mouseSpurt
    -------------------------------------------------------------------------
CODE
  Relative segment, address: 00001ED0 - 00001ED3 (0x4 bytes), align: 2
  Segment part 28.            Intra module refs:   mouseSpurt
    -------------------------------------------------------------------------
CODE
  Relative segment, address: 00001ED4 - 00001ED7 (0x4 bytes), align: 2
  Segment part 29.            Intra module refs:   mouseSpurt
    -------------------------------------------------------------------------
CODE
  Relative segment, address: 00001ED8 - 000020A7 (0x1d0 bytes), align: 2
  Segment part 30.            Intra module refs:   main
                                                   mouseSpurt
           LOCAL                   ADDRESS         
           =====                   =======         
           objectGoTo              00001ED9 
               stack 1 = 00000000 ( 00000020 )
    -------------------------------------------------------------------------
CODE
  Relative segment, address: 000020A8 - 000020AB (0x4 bytes), align: 2
  Segment part 31.            Intra module refs:   objectGoTo
    -------------------------------------------------------------------------
CODE
  Relative segment, address: 000020AC - 0000213D (0x92 bytes), align: 2
  Segment part 32.            Intra module refs:   frontLeftMethod
                                                   frontRightMethod
                                                   leftMethod
                                                   rightMethod
           LOCAL                   ADDRESS         
           =====                   =======         
           mazeBlockDataGet        000020AD 
               stack 1 = 00000000 ( 00000008 )
    -------------------------------------------------------------------------
CODE
  Relative segment, address: 00002140 - 000021D5 (0x96 bytes), align: 2
  Segment part 33.            Intra module refs:   centralMethod
           LOCAL                   ADDRESS         
           =====                   =======         
           rightMethod             00002141 
               stack 1 = 00000000 ( 00000004 )
    -------------------------------------------------------------------------
CODE
  Relative segment, address: 000021D8 - 000021DB (0x4 bytes), align: 2
  Segment part 34.            Intra module refs:   mazeBlockDataGet
                                                   objectGoTo
                                                   rightMethod
    -------------------------------------------------------------------------
CODE
  Relative segment, address: 000021DC - 000021DF (0x4 bytes), align: 2
  Segment part 35.            Intra module refs:   mazeBlockDataGet
                                                   objectGoTo
                                                   rightMethod
    -------------------------------------------------------------------------
CODE
  Relative segment, address: 000021E0 - 000021E3 (0x4 bytes), align: 2
  Segment part 36.            Intra module refs:   mazeBlockDataGet
                                                   objectGoTo
                                                   rightMethod
    -------------------------------------------------------------------------
CODE
  Relative segment, address: 000021E4 - 000021E7 (0x4 bytes), align: 2
  Segment part 37.            Intra module refs:   mazeBlockDataGet
                                                   objectGoTo
                                                   rightMethod
    -------------------------------------------------------------------------
CODE
  Relative segment, address: 000021E8 - 0000227D (0x96 bytes), align: 2
  Segment part 38.            Intra module refs:   centralMethod
           LOCAL                   ADDRESS         
           =====                   =======         
           leftMethod              000021E9 
               stack 1 = 00000000 ( 00000004 )
    -------------------------------------------------------------------------
CODE
  Relative segment, address: 00002280 - 00002315 (0x96 bytes), align: 2
  Segment part 39.            Intra module refs:   centralMethod
           LOCAL                   ADDRESS         
           =====                   =======         
           frontRightMethod        00002281 
               stack 1 = 00000000 ( 00000004 )
    -------------------------------------------------------------------------
CODE
  Relative segment, address: 00002318 - 000023AD (0x96 bytes), align: 2
  Segment part 40.            Intra module refs:   centralMethod
           LOCAL                   ADDRESS         
           =====                   =======         
           frontLeftMethod         00002319 
               stack 1 = 00000000 ( 00000004 )
    -------------------------------------------------------------------------
CODE
  Relative segment, address: 000023B0 - 000023B3 (0x4 bytes), align: 2
  Segment part 41.            Intra module refs:   frontLeftMethod
                                                   frontRightMethod
                                                   leftMethod
    -------------------------------------------------------------------------
CODE
  Relative segment, address: 000023B4 - 00002485 (0xd2 bytes), align: 2
  Segment part 42.            Intra module refs:   crosswayChoice
           LOCAL                   ADDRESS         
           =====                   =======         
           centralMethod           000023B5 
               stack 1 = 00000000 ( 00000004 )
    -------------------------------------------------------------------------
CODE
  Relative segment, address: 00002488 - 0000248B (0x4 bytes), align: 2
  Segment part 43.            Intra module refs:   centralMethod
                                                   frontLeftMethod
                                                   frontRightMethod
                                                   leftMethod
    -------------------------------------------------------------------------
CODE
  Relative segment, address: 0000248C - 0000248F (0x4 bytes), align: 2
  Segment part 44.            Intra module refs:   centralMethod
                                                   frontLeftMethod
                                                   frontRightMethod
                                                   leftMethod
    -------------------------------------------------------------------------
CODE
  Relative segment, address: 00002490 - 00002493 (0x4 bytes), align: 2
  Segment part 45.            Intra module refs:   centralMethod
                                                   frontLeftMethod
                                                   frontRightMethod
                                                   leftMethod
    -------------------------------------------------------------------------
CODE
  Relative segment, address: 00002494 - 0000255D (0xca bytes), align: 2
  Segment part 46.            Intra module refs:   main
           ENTRY                   ADDRESS         REF BY
           =====                   =======         ======
           crosswayCheck           00002495 
               stack 1 = 00000000 ( 00000004 )
    -------------------------------------------------------------------------
CODE
  Relative segment, address: 00002560 - 00002567 (0x8 bytes), align: 2
  Segment part 47.            Intra module refs:   main
           ENTRY                   ADDRESS         REF BY
           =====                   =======         ======
           crosswayChoice          00002561 
               stack 1 = 00000000 ( 00000004 )
    -------------------------------------------------------------------------
CODE
  Relative segment, address: 00002568 - 000027E3 (0x27c bytes), align: 2
  Segment part 48.
           ENTRY                   ADDRESS         REF BY
           =====                   =======         ======
           main                    00002569        ResetISR (startup)
               stack 1 = 00000000 ( 00000010 )
    -------------------------------------------------------------------------
CODE
  Relative segment, address: 000027E4 - 000027E7 (0x4 bytes), align: 2
  Segment part 49.            Intra module refs:   crosswayCheck
                                                   main
    -------------------------------------------------------------------------
CODE
  Relative segment, address: 000027E8 - 000027EB (0x4 bytes), align: 2
  Segment part 50.            Intra module refs:   main
    -------------------------------------------------------------------------
CODE
  Relative segment, address: 000027EC - 000027EF (0x4 bytes), align: 2
  Segment part 51.            Intra module refs:   main
    -------------------------------------------------------------------------
CODE
  Relative segment, address: 000027F0 - 000027F3 (0x4 bytes), align: 2
  Segment part 52.            Intra module refs:   main
    -------------------------------------------------------------------------
CODE
  Relative segment, address: 000027F4 - 000027F7 (0x4 bytes), align: 2
  Segment part 53.            Intra module refs:   main
    -------------------------------------------------------------------------
CODE
  Relative segment, address: 000027F8 - 000027FB (0x4 bytes), align: 2
  Segment part 54.            Intra module refs:   main
    -------------------------------------------------------------------------
CODE
  Relative segment, address: 000027FC - 000027FF (0x4 bytes), align: 2
  Segment part 55.            Intra module refs:   main
    -------------------------------------------------------------------------
CODE
  Relative segment, address: 00002800 - 00002803 (0x4 bytes), align: 2
  Segment part 56.            Intra module refs:   main
    -------------------------------------------------------------------------
CODE
  Relative segment, address: 00002804 - 00002807 (0x4 bytes), align: 2
  Segment part 57.            Intra module refs:   main
    -------------------------------------------------------------------------
DATA_ID
  Relative segment, address: 00002988 - 00002988 (0x1 bytes), align: 0
  Segment part 5.             Intra module refs:   GucXGoal0
    -------------------------------------------------------------------------
DATA_ID
  Relative segment, address: 00002989 - 00002989 (0x1 bytes), align: 0
  Segment part 7.             Intra module refs:   GucXGoal1
    -------------------------------------------------------------------------
DATA_ID
  Relative segment, address: 0000298A - 0000298A (0x1 bytes), align: 0
  Segment part 9.             Intra module refs:   GucYGoal0
    -------------------------------------------------------------------------
DATA_ID
  Relative segment, address: 0000298B - 0000298B (0x1 bytes), align: 0
  Segment part 11.            Intra module refs:   GucYGoal1
    -------------------------------------------------------------------------
DATA_ID
  Relative segment, address: 00002888 - 00002987 (0x100 bytes), align: 2
  Segment part 14.            Intra module refs:   GucMapStep

    *************************************************************************

  FILE NAME : E:\BaiduNetdiskDownload\æ´µ‰ Û\æ´µ‰ Ûdemo≥Ã–Ú\æ≠µ‰ Û≥Ã–Ú\≥ˆ≥ß≥Ã–ÚMaze\Debug\Obj\startup.r79
  PROGRAM MODULE, NAME : startup

  SEGMENTS IN THE MODULE
  ======================
DATA_Z
  Relative segment, address: 20000C78 - 20000D77 (0x100 bytes), align: 2
  Segment part 2.             Intra module refs:   g_pfnVectors
           LOCAL                   ADDRESS         
           =====                   =======         
           pulStack                20000C78 
    -------------------------------------------------------------------------
INTVEC
  Relative segment, address: 00000000 - 000000EF (0xf0 bytes), align: 2
  Segment part 3. ROOT.
           ENTRY                   ADDRESS         REF BY
           =====                   =======         ======
           g_pfnVectors            00000000 
    -------------------------------------------------------------------------
CODE
  Relative segment, address: 00002808 - 00002847 (0x40 bytes), align: 2
  Segment part 4.             Intra module refs:   g_pfnVectors
           ENTRY                   ADDRESS         REF BY
           =====                   =======         ======
           ResetISR                00002809        Absolute parts (?ABS_ENTRY_MOD)
               stack 1 = 00000000 ( 00000004 )
    -------------------------------------------------------------------------
CODE
  Relative segment, address: 00002848 - 00002849 (0x2 bytes), align: 2
  Segment part 5.             Intra module refs:   g_pfnVectors
           LOCAL                   ADDRESS         
           =====                   =======         
           NmiSR                   00002849 
    -------------------------------------------------------------------------
CODE
  Relative segment, address: 0000284C - 0000284D (0x2 bytes), align: 2
  Segment part 6.             Intra module refs:   g_pfnVectors
           LOCAL                   ADDRESS         
           =====                   =======         
           FaultISR                0000284D 
    -------------------------------------------------------------------------
CODE
  Relative segment, address: 00002850 - 00002851 (0x2 bytes), align: 2
  Segment part 7.             Intra module refs:   g_pfnVectors
           LOCAL                   ADDRESS         
           =====                   =======         
           IntDefaultHandler       00002851 

    *************************************************************************

  FILE NAME : C:\Program Files (x86)\IAR Systems\Embedded Workbench 4.0 Kickstart\arm\LIB\dl7mptnnl8n.r79
  LIBRARY MODULE, NAME : ?div_module

  SEGMENTS IN THE MODULE
  ======================
CODE
  Relative segment, address: 00002854 - 0000285F (0xc bytes), align: 2
  Segment part 2.
           ENTRY                   ADDRESS         REF BY
           =====                   =======         ======
           ??divu32_t              00002855        voltageDetect (Mouse_Drive)
    -------------------------------------------------------------------------
CODE
  Relative segment, address: 00002860 - 0000286B (0xc bytes), align: 2
  Segment part 5.
           ENTRY                   ADDRESS         REF BY
           =====                   =======         ======
           ??div32_t               00002861        Timer0A_ISR (Mouse_Drive)
                                                   Timer1A_ISR (Mouse_Drive)
                                                   __irCheck (Mouse_Drive)
                                                   __leftMotorContr (Mouse_Drive)
                                                   __mazeInfDebug (Mouse_Drive)
                                                   __rightMotorContr (Mouse_Drive)
                                                   __wallCheck (Mouse_Drive)
                                                   frontLeftMethod (maze)
                                                   frontRightMethod (maze)
                                                   leftMethod (maze)
                                                   mazeBlockDataGet (maze)
                                                   mouseTurnback (Mouse_Drive)
                                                   mouseTurnleft (Mouse_Drive)
                                                   mouseTurnright (Mouse_Drive)
                                                   objectGoTo (maze)
                                                   rightMethod (maze)




                ****************************************
                *                                      *
                *      SEGMENTS IN ADDRESS ORDER       *
                *                                      *
                ****************************************


SEGMENT              SPACE    START ADDRESS   END ADDRESS     SIZE  TYPE  ALIGN
=======              =====    =============   ===========     ====  ====  =====
INTVEC                             00000000 - 000000EF          F0   rel    2
CODE                               000000F0 - 0000286B        277C   rel    2
INITTAB                            0000286C - 00002883          18   rel    2
DATA_ID                            00002884 - 0000298B         108   rel    2
DATA_C                             0000298C - 000029DA          4F   rel    2
DATA_I                             20000000 - 20000107         108   rel    2
DATA_Z                             20000108 - 20000D86         C7F   rel    2

                ****************************************
                *                                      *
                *        END OF CROSS REFERENCE        *
                *                                      *
                ****************************************

 10 348 bytes of CODE  memory
  3 463 bytes of DATA  memory
    367 bytes of CONST memory

Errors: none
Warnings: none

